../Drivers/CMSIS/Include/core_cm4.h:1672:26:__NVIC_GetPriorityGrouping	4	static
../Drivers/CMSIS/Include/core_cm4.h:1684:22:__NVIC_EnableIRQ	16	static,ignoring_inline_asm
../Drivers/CMSIS/Include/core_cm4.h:1814:22:__NVIC_SetPriority	16	static
../Drivers/CMSIS/Include/core_cm4.h:1861:26:NVIC_EncodePriority	40	static
D:/ClassRoom/ComputerNetworking/Final/F407_LVGL/ILI9341/../lvgl/src/lv_api_map.h:35:51:lv_task_handler	8	static
../Core/Src/main.c:97:13:buttonAB_handler	48	static
../Core/Src/main.c:108:13:buttonReturnHome_handler	24	static
../Core/Src/main.c:115:14:gesture_event_handler	24	static
../Core/Src/main.c:127:13:update_display_task	16	static
../Core/Src/main.c:140:13:update_battery_arc	24	static
../Core/Src/main.c:150:13:update_battery_chart	24	static
../Core/Src/main.c:161:13:update_left_right_sign	16	static
../Core/Src/main.c:184:6:HAL_CAN_RxFifo0MsgPendingCallback	152	static
../Core/Src/main.c:301:5:main	56	static
../Core/Src/main.c:427:6:SystemClock_Config	88	static
../Core/Src/main.c:473:13:MX_ADC1_Init	24	static
../Core/Src/main.c:525:13:MX_CAN1_Init	8	static
../Core/Src/main.c:562:13:MX_SPI1_Init	8	static
../Core/Src/main.c:600:13:MX_SPI2_Init	8	static
../Core/Src/main.c:636:13:MX_DMA_Init	16	static
../Core/Src/main.c:654:13:MX_GPIO_Init	48	static
../Core/Src/main.c:718:13:MX_NVIC_Init	8	static
../Core/Src/main.c:729:6:HAL_GPIO_EXTI_Callback	16	static
../Core/Src/main.c:742:6:Error_Handler	4	static,ignoring_inline_asm
